[2.22 -> 4.56] Người nói 2: a lô phòng tuyển sinh trường học như xin nghe.
[31.84 -> 36.88] Người nói 2: unk khoản như nào và học phí nó có đóng đầy đủ hay không ấy em có thể kết nối với chị đến số nó bắt.
[37.2 -> 39.46] Người nói 1: chị cho em má số sinh viên của bạn nè.
[40.02 -> 42.94] Người nói 2: ờ mã số là hai hai một hai không không hai năm
[44.7 -> 46.6] Người nói 1: tài chính ngân hàng á chị.
[47.73 -> 51.31] Người nói 1: đúng rồi học phí.
[53.66 -> 57.2] Người nói 1: học phí thì bạn vẫn đóng đầy đủ của các học kỳ nha chị.
[57.94 -> 61.3] Người nói 2: à học phí thì đóng đầy đủ tới hiện tại là bạn đóng đầy đủ em hả.
[121.76 -> 152.28] Người nói 1: unk đăng ký môn học chưa có thông báo đóng học phí còn học kỳ đối với học kỳ một là bạn có học bảy môn nhưng học bảy môn nhưng trong đó có sáu môn là bạn bị rớt môn đúng rồi môn đối với môn hoa ban sơ cấp một là vắng thi giữa kì và vắng thi cuối kì còn môn đàm phán giao tiếp trong kinh doanh là thi giữa kì được chiến điểm này nhưng mà cuối kì vắng thi cho nên rất bất cập.
[152.82 -> 180.86] Người nói 1: cái thứ hai là môn quản trị dự án đầu tư là thi giữa kì ở sáu chấm ba còn điểm thi cuối kì là vắng thi cho nên rớt môn tài chính doanh nghiệp là vắng thi giữa kì và cuối kì rớt môn còn cái môn banking là có thi cuối kì nhưng mà điểm thi cuối kì có ba chấm năm điểm thôi cũng rớt môn công phòng an ninh.
[182.5 -> 191.32] Người nói 1: đúng rồi giới vũ quốc phòng an ninh thì điểm thi giữa kì năm chấm năm điểm thi cuối kì bốn chấm không tổng là bốn chấm sáu không đủ điều kiện qua môn năm chấm không mới đủ điều kiện qua môn.
[192.22 -> 207.52] Người nói 2: dạ đây nó học một thời gian xong là bắt đầu chị cũng gọi về trường mình là chị mới biết là nó bỏ rất nhiều xong là chị mới bắt nó cung cấp cho chị cái lịch khẩu nó cung cấp đôi cùng thời gian nè chị theo dõi nó chỉ thấy nó học được thôi chứ bây giờ nó đổi lịch khẩu nó không cho chị theo dõi nữa rồi là đâu là lạ.
[221.84 -> 239.49] Người nói 1: thiếu không phẩy một điểm nó thì mới qua môn và học kỳ hai hay tư hay lâm thì bạn có rớt một môn học kỳ ba hay ba hay tư thì bạn rớt full hết bởi vì bạn vắng thi hết là học kỳ này giống như bạn bỏ học hết nói chung là bằng điểm tròn điểm ép thôi ạ.
[239.91 -> 269.07] Người nói 2: bây giờ chị hỏi là ví dụ như em nhìn cái lịch học nó như thế thì thời gian ra trường còn rất lâu em nghĩ là như thế này nè y chị nói là ví dụ như có thể mình có biết được là tổng bốn năm học của nó là tổng khoảng bao nhiêu tiếng chị âm là mới ra trường hay không ví dụ một trăm tiếng chị à ví dụ ví dụ em nói là một trăm năm mươi tiếng chị à sẽ ra trường đúng không đây là em đang nói ví dụ nhưng mà số tiếng tiếng chị của bạn là học tới thời điểm hiện tại bán lẻ là người ta ra trường hết rồi nhưng mà.
[269.49 -> 301.84] Người nói 1: nhưng mà bạn nạo quá nhiều môn bạn mới tích lũy được sáu mươi bảy tính chỉ thôi bây giờ là đáng rõ là năm tư rồi mà mới có sáu mươi bảy tính chỉ các em hả tại vì rớt quá nhiều môn đó chị đây để em đếm số lượng môn bị rớt này một hai ba bốn năm sáu bảy tám chín mười một mười hai mười ba mười bốn mười lăm mười sáu mười bảy mười tám mười tích hai mười hai mốt hai hai hai ba hai tư năm hai sáu hai bảy.
[301.86 -> 335.54] Người nói 2: mười bảy hay tám mươi chín ba mươi ba mươi ba mươi hai môn bạn bị rớt ba mươi hai môn rớt trời ơi em ơi nhưng mà chị hỏi nhé bây giờ bạn học được sáu mười bảy tính chỉ mà em có biết những phiền bài trên ngành đó làm bao nhiêu tính chỉ là ra tiền không không để chị biết nó không nó là một trăm hai mươi tính chỉ chuyên ngành và khoảng tầm ba mươi lăm tính chỉ đại cương thì nó nằm ở mốc một trăm năm mươi mấy tính chỉ đó chị một trăm năm mươi mấy tính chỉ một trăm ba mươi hai là chuyên ngành và tầm ba mươi tính chỉ nha em bây giờ
[335.54 -> 365.52] Người nói 2: có cách nào mà chị giám sát nó được không ta mật khẩu không cho như như như như chỉ có một đứa nữa đang học ở tỉnh ở thành phố thì nó sẽ có một cái mật khẩu của triều tiên và mật khẩu của sinh viên nhất ý nghĩa thôi nhỏ còn nếu như trường mình thì lại chỉ có trưởng học sinh mà không có sinh viên làm phó kiểm tra nên chỉ theo dõi đừng bắt đổi mật khẩu ấy chị bó tay luôn tại vì cái này trường chỉ cấp mật khẩu cho cá nhân của mỗi sinh viên khi mà các bạn có cái tài khoản rồi các bạn sẽ phải tự đổi mật khẩu chứ không là.
[365.52 -> 372.04] Người nói 1: ví dụ để người khác biết được ví dụ người ta không biết người ta bấm vô đăng ký môn tầm bậy của các bạn hay là xóa môn để người ta bị ảnh hưởng.
[395.52 -> 415.04] Người nói 1: không gọi về trường là chị không biết được con tim nhưng vẫn bấm đều có những sáng rắn là chị hiểu nó học bằng tiền thẻ thuốc thôi. ờ trong quá trình học thì cái này bạn học như thế nào cái này phải liên hệ về chỗ giáo viên chủ nhiệm thì mới có thể giám sát được bạn còn bên em là một cửa em chỉ coi theo cái bảng điểm và học phí của bạn trên hệ thống thôi.
[415.8 -> 416.2] Người nói 2: ờ.
[416.2 -> 425.58] Người nói 2: lần đầu lúc ấy chị thì kẹt này chị tránh chuyện nó lại rồi rồi bây giờ lâu lâu thỉnh thoảng có chị là sẽ gọi về chỗ này để làm gì lâu lâu chị hỏi hết.
